
There are no discarded input sections

Memory Configuration

Name             Origin             Length             Attributes
FLASH            0x08000000         0x00010000         xr
RAM              0x20000000         0x00005000         xrw
*default*        0x00000000         0xffffffff

Linker script and memory map

LOAD main.o
LOAD startup.o

.text           0x08000000       0x26
 *(.isr_vector)
 .isr_vector    0x08000000        0x8 startup.o
                0x08000000                vector_table
 *(.text)
 .text          0x08000008       0x14 main.o
                0x08000008                delay
 .text          0x0800001c        0xa startup.o
                0x0800001c                Reset_Handler
OUTPUT(firmware.elf elf32-littlearm)
LOAD linker stubs

.data           0x08000026        0x0
 .data          0x08000026        0x0 main.o
 .data          0x08000026        0x0 startup.o

.igot.plt       0x08000028        0x0
 .igot.plt      0x08000028        0x0 startup.o

.glue_7         0x08000028        0x0
 .glue_7        0x08000028        0x0 linker stubs

.glue_7t        0x08000028        0x0
 .glue_7t       0x08000028        0x0 linker stubs

.vfp11_veneer   0x08000028        0x0
 .vfp11_veneer  0x08000028        0x0 linker stubs

.v4_bx          0x08000028        0x0
 .v4_bx         0x08000028        0x0 linker stubs

.text.startup   0x08000028       0x3c
 .text.startup  0x08000028       0x3c main.o
                0x08000028                main

.iplt           0x08000064        0x0
 .iplt          0x08000064        0x0 startup.o

.rel.dyn        0x08000064        0x0
 .rel.iplt      0x08000064        0x0 startup.o

.bss            0x08000064        0x0
 .bss           0x08000064        0x0 main.o
 .bss           0x08000064        0x0 startup.o

.comment        0x00000000       0x26
 .comment       0x00000000       0x26 main.o
                                 0x27 (size before relaxing)
 .comment       0x00000026        0x0 startup.o
                                 0x27 (size before relaxing)

.ARM.attributes
                0x00000000       0x2d
 .ARM.attributes
                0x00000000       0x2d main.o
 .ARM.attributes
                0x0000002d       0x2d startup.o
